// Jest Snapshot v1, https://goo.gl/fbAQLP

exports[`Homepage renders correctly 1`] = `
<div
  className="page"
>
  <main>
    <section
      className="home"
    >
      <section
        className="logo"
      >
        <test-file-stub />
      </section>
      <h2
        data-testid="hero-title"
      >
        Coming Soon
      </h2>
    </section>
  </main>
  <footer>
    <nav
      data-testid="footer-nav"
    >
      <ul>
        <li>
          <a
            href="/imprint/"
          >
            Imprint
          </a>
        </li>
        <li>
          <a
            href="/data-privacy/"
          >
            Data Privacy
          </a>
        </li>
      </ul>
    </nav>
  </footer>
</div>
`;
